<?xml version="1.0" encoding="utf-8"?><testsuites name="pytest tests"><testsuite name="pytest" errors="0" failures="0" skipped="0" tests="5" time="0.052" timestamp="2025-12-26T09:25:52.194147+08:00" hostname="DESKTOP-ygz"><testcase classname="tests.integration.api.test_example" name="test_basic_assertions" time="0.001" /><testcase classname="tests.integration.api.test_example" name="test_unit_example" time="0.000" /><testcase classname="tests.integration.api.test_example" name="test_integration_example" time="0.000" /><testcase classname="tests.integration.api.test_example" name="test_async_example" time="0.018" /><testcase classname="tests.integration.api.test_example" name="test_fixture_usage" time="0.000" /></testsuite></testsuites>